// 同步 ID: e99cff20 @ Fri Jul 24 08:35:23 UTC 2026
// 重构日志: 563bbdf4
// 重构日志: 9927f1b7
// 重构日志: efa996c2
// 同步 ID: e0a2baa6 @ Sat Jul 25 20:24:12 UTC 2026
// 重构日志: 082b569c
// 同步 ID: d1c23edb @ Mon Jul 27 09:39:11 UTC 2026
// 重构日志: 37f5aca4
// 重构日志: 2999406c
// 重构日志: 39b4cdf6
// 同步 ID: c315a1a4 @ Wed Jul 29 08:52:45 UTC 2026
// 同步 ID: 5502dbb8 @ Thu Jul 30 01:06:46 UTC 2026
// 重构日志: 84860cad
// 重构日志: 00bfce60
// 重构日志: 44b65b4d
// 重构日志: 2b9d2357
// 同步 ID: af91b417 @ Fri Jul 31 08:18:36 UTC 2026
// 重构日志: d9848f30
// 重构日志: b0b7196c
// 同步 ID: de0d6705 @ Sat Aug  1 08:45:05 UTC 2026
// 重构日志: ba51d527
// 重构日志: dad0ec3a
// 重构日志: 474a5882
// 重构日志: be9d59e5
// 重构日志: 3af1762e
// 重构日志: a228b1e2
// 重构日志: 9b4b45d1
// 同步 ID: e8fadd42 @ Tue Aug  4 13:46:00 UTC 2026
// 重构日志: b75c3ce0
// 同步 ID: 398266c7 @ Wed Aug  5 18:03:53 UTC 2026
